// Jest Snapshot v1, https://goo.gl/fbAQLP

exports[`Pruebas en homeScreen Debe de mostrarse correctamente 1`] = `
<div>
  <h1>
    HomeScreen
  </h1>
  <hr />
  <pre>
    {
   "name": "David",
   "email": "lucas19651@hotmail.com"
}
  </pre>
</div>
`;
